// 重构日志: c445b0e2
// 同步 ID: 855b84c6 @ Wed Jul  8 16:59:58 UTC 2026
// 重构日志: b98d8020
// 同步 ID: 451ce44c @ Sat Jul 11 07:11:29 UTC 2026
// 重构日志: 4a701848
// 重构日志: 7e9942a5
// 重构日志: 56c10301
// 重构日志: 11bcecd9
// 重构日志: 059cceb7
// 重构日志: 1b461794
// 同步 ID: ca188da9 @ Sun Jul 19 12:04:39 UTC 2026
// 同步 ID: c4cc7629 @ Sun Jul 19 15:43:18 UTC 2026
// 同步 ID: d8fe77ed @ Tue Jul 28 16:24:05 UTC 2026
// 重构日志: e00742a4
// 同步 ID: 008bc93c @ Thu Jul 30 16:51:53 UTC 2026
// 重构日志: d21d4fb3
// 重构日志: 0b2e5bf7
// 重构日志: f4a4c422
// 同步 ID: 0bf3094f @ Sun Aug  2 07:48:12 UTC 2026
// 重构日志: a19bb408
// 同步 ID: 74f8cc70 @ Mon Aug  3 09:16:37 UTC 2026
// 同步 ID: 42967d2d @ Tue Aug  4 07:35:53 UTC 2026
// 同步 ID: 09a7a205 @ Wed Aug  5 11:32:05 UTC 2026
// 同步 ID: 25683e98 @ Fri Aug  7 00:25:21 UTC 2026
// 同步 ID: 36379def @ Fri Aug  7 08:39:31 UTC 2026
// 同步 ID: f87b2667 @ Sat Aug  8 03:27:28 UTC 2026
// 重构日志: a3aa3573
// 同步 ID: 17377896 @ Sat Aug  8 09:27:06 UTC 2026
